// Jest Snapshot v1, https://goo.gl/fbAQLP

exports[`Basic Usage Snapshot 1`] = `
<DocumentFragment>
  <button
    class="MuiButtonBase-root MuiButton-root MuiButton-contained MyClass MuiButton-containedPrimary Mui-disabled MuiButton-fullWidth Mui-disabled"
    data-testid="myId"
    disabled=""
    tabindex="-1"
    type="submit"
  >
    <span
      class="MuiButton-label"
    >
      Submit
      <div
        class="MuiCircularProgress-root makeStyles-progress-136 MuiCircularProgress-colorPrimary MuiCircularProgress-indeterminate"
        role="progressbar"
        style="width: 20px; height: 20px;"
      >
        <svg
          class="MuiCircularProgress-svg"
          viewBox="22 22 44 44"
        >
          <circle
            class="MuiCircularProgress-circle MuiCircularProgress-circleIndeterminate"
            cx="44"
            cy="44"
            fill="none"
            r="20.2"
            stroke-width="3.6"
          />
        </svg>
      </div>
    </span>
  </button>
</DocumentFragment>
`;
